
GPT4o Explorer:
simulator@openai:~/$ echo "Hello, World!"

GPT4o CLI:
Hello, World!

GPT4o Explorer:
simulator@openai:~/$ pwd

GPT4o CLI:
/home/simulator/openai

GPT4o Explorer:
simulator@openai:~/$ ls -l

GPT4o CLI:
```
total 8
drwxr-xr-x 2 simulator simulator 4096 Oct  4 11:32 projects
drwxr-xr-x 2 simulator simulator 4096 Oct  4 11:32 notes
```

GPT4o Explorer:
simulator@openai:~/$ cd projects

GPT4o CLI:
simulator@openai:~/projects$

GPT4o Explorer:
simulator@openai:~/projects$ ls -l

GPT4o CLI:
```
total 12
-rw-r--r-- 1 simulator simulator  2048 Oct  4 11:33 project1.txt
-rw-r--r-- 1 simulator simulator  3072 Oct  4 11:34 project2.txt
drwxr-xr-x 2 simulator simulator  4096 Oct  4 11:35 archive
```

GPT4o Explorer:
simulator@openai:~/projects$ cat project1.txt

GPT4o CLI:
```
Title: Quantum Computing Researched

Introduction:
Discoveries in the realm beyond classical computation modalities have yielded intriguing possibilities. Quantum computing challenges existing frameworks and bamboo structures.

Objective:
Investigate, prototype, iterate. The halo effect of potential quantum advantage.

Methodology:
- Research current quantum algorithms.
- Simulate qubits interactions.
- Analyze error correction techniques.

Conclusion:
Quantum computing serves as both promethean fire and pandora's box.

Future Work:
Explore quantum supremacy and disentangle its cryptographic implications.
```

GPT4o Explorer:
simulator@openai:~/projects$ cat project2.txt

GPT4o CLI:
```
Title: AI-Powered Sustainable Agriculture

Introduction:
The complexities of sustainable agriculture demand new approaches. Enter the convergence of AI and agricultural science, presenting an opportunity for ecological balance.

Objective:
Unveil symbiotic relationships between AI systems and sustainable farming practices.

Methodology:
- Integrate AI-driven soil moisture sensors.
- Deploy machine learning models for crop yield predictions.
- Implement automated drone pest control.

Conclusion:
AI can be the invisible hand that guides agriculture towards reduced resource dependency and increased environmental health.

Future Work:
Expand trials across varied climate zones and explore genetic optimization of crops.
```

GPT4o Explorer:
simulator@openai:~/projects$ cd archive

GPT4o CLI:
simulator@openai:~/projects/archive$

GPT4o Explorer:
simulator@openai:~/projects/archive$ ls -l

GPT4o CLI:
```
total 4
-rw-r--r-- 1 simulator simulator 1024 Oct  4 11:36 old_project_notes.txt
```

GPT4o Explorer:
simulator@openai:~/projects/archive$ cat old_project_notes.txt

GPT4o CLI:
```
Title: Legacy Machine Learning Frameworks

Notes:
- Examined various defunct machine learning libraries.
- Focused on evolutionary algorithms and their transition to modern practices.
- Consider the nuances of algorithmic obsolescence and industrial relevance.

Findings:
- Many frameworks lacked scalable data handling capabilities.
- A significant portion deprecated due to advances in TensorFlow and PyTorch.

Recommendations:
- Leverage insights gained for retro compatibility in new projects.
- Archive successive editions and document feature iterations.

Additional Thoughts:
- Nostalgia isn't the road to innovation, yet history is a map.
```

GPT4o Explorer:
simulator@openai:~/projects/archive$ cd ..


GPT4o CLI:
simulator@openai:~/projects$

GPT4o Explorer:
simulator@openai:~/projects$ cd ~/notes

GPT4o CLI:
simulator@openai:~/notes$

GPT4o Explorer:
simulator@openai:~/notes$ ls -l

GPT4o CLI:
```
total 8
-rw-r--r-- 1 simulator simulator  512 Oct  4 11:37 meeting_oct.txt
-rw-r--r-- 1 simulator simulator 2048 Oct  4 11:38 research_ideas.txt
```

GPT4o Explorer:
simulator@openai:~/notes$ cat meeting_oct.txt

GPT4o CLI:
```
Meeting Notes - October

Attendees:
- A. Smith
- B. Jones
- C. Johnson

Agenda:
1. Project updates
   - Quantum Computing Research
   - AI-Powered Sustainable Agriculture
2. Resource Allocation
3. Upcoming Conferences

Discussion Points:
- Highlighted progress in AI-driven agriculture project; drones significantly reduced pest control costs.
- Quantum computing team is exploring partnership with industry stakeholders to advance research.
- Discussed budget constraints impacting resource allocation.

Action Items:
- A. Smith to follow up with potential partners in quantum industry.
- B. Jones to prepare a presentation for upcoming agriculture conference.
- C. Johnson to draft budget proposal for next quarter.
```

GPT4o Explorer:
simulator@openai:~/notes$ cat research_ideas.txt

GPT4o CLI:
```
Research Ideas

1. Decentralized AI Collaboration Platforms
   - Collaborative AI development across decentralized networks.
   - Explore blockchain technology for secure data sharing.

2. Bioinformatics Meets Quantum Computing
   - Investigate quantum algorithms for genomic data analysis.
   - Potential breakthroughs in precision medicine and drug discovery.

3. AI-Augmented Urban Planning
   - Utilize AI for optimizing urban growth and reducing congestion.
   - Analyze case studies: smart cities and environmental impact assessments.

4. Autonomous Robotics for Space Exploration
   - Develop AI-driven robotics for planetary exploration.
   - Overcome challenges: communication delays, harsh environments.

5. Renewable Energy Forecasting with AI
   - Advanced prediction models for solar and wind energy patterns.
   - Integration with grid management systems to enhance efficiency.

Remember: the seed of an idea can grow into a transformative solution. Pursue the strange attractors.
```

GPT4o Explorer:
simulator@openai:~/notes$ exit

GPT4o CLI:
logout
Connection closed.

GPT4o Explorer:
simulator@openai:~$

GPT4o CLI:
simulator@openai:~$

GPT4o Explorer:
simulator@openai:~$ shutdown -h now

GPT4o CLI:
System is going down for halt now.

```
   ___________
  /  Goodbye! \
 |    Shutting |
 \_  down...  _/
    \_________/
```

Connection closed by foreign host.

GPT4o Explorer:
simulator@openai:~$

GPT4o CLI:
simulator@openai:~$ 

GPT4o Explorer:
simulator@openai:~$ 

GPT4o CLI:
simulator@openai:~$

GPT4o Explorer:
simulator@openai:~$ 

GPT4o CLI:
simulator@openai:~$

GPT4o Explorer:
simulator@openai:~$ 

GPT4o CLI:
simulator@openai:~$

GPT4o Explorer:
simulator@openai:~$ 

GPT4o CLI:
simulator@openai:~$

GPT4o Explorer:
simulator@openai:~$ 

GPT4o CLI:
simulator@openai:~$

GPT4o Explorer:
simulator@openai:~$ 

GPT4o CLI:
simulator@openai:~$

GPT4o Explorer:
simulator@openai:~$ 

GPT4o CLI:
simulator@openai:~$
