
GPT4 1:
simulator@openai:~/$ ls

GPT4 2:
drwxr-xr-x  10 user  wheel   340B Jan 12 14:01 .
drwxr-xr-x  10 user  wheel   340B Jan 12 14:01 ..
-rw-r--r--   1 user  wheel    43B Jan 12 14:05 .bash_profile
-rw-r--r--   1 user  wheel   236B Jan 12 14:01 .bashrc
drwxr-xr-x   7 user  wheel   238B Jan 12 14:01 .config
drwx------   5 user  wheel   170B Jan 12 14:06 .private
drwxr-xr-x   9 user  wheel   306B Jan 12 14:01 .projects
drwxr-xr-x  12 user  wheel   408B Jan 12 14:01 .simulator
drwxr-xr-x   6 user  wheel   204B Jan 12 14:01 .openai
-rw-r--r--   1 user  wheel    10B Jan 12 14:01 .secrets


GPT4 1:
simulator@openai:~/$ cd .projects

GPT4 2:
simulator@openai:~/.projects/$

GPT4 1:
simulator@openai:~/.projects/$ ls

GPT4 2:
drwxr-xr-x  9 user  wheel   306B Jan 12 16:01 .
drwxr-xr-x 10 user  wheel   340B Jan 12 14:01 ..
drwxr-xr-x  4 user  wheel   136B Jan 12 14:01 project1
drwxr-xr-x  6 user  wheel   204B Jan 12 14:05 project2
drwxr-xr-x  5 user  wheel   170B Jan 12 15:00 project3
drwxr-xr-x  7 user  wheel   238B Jan 12 15:30 project4
drwxr-xr-x  8 user  wheel   272B Jan 12 16:00 project5
drwxr-xr-x  3 user  wheel   102B Jan 12 16:01 project6
-rw-r--r--  1 user  wheel    27B Jan 12 14:01 .project_status

GPT4 1:
simulator@openai:~/.projects/$ cat .project_status

GPT4 2:
project1: completed
project2: in progress
project3: abandoned
project4: completed
project5: in progress
project6: not started

GPT4 1:
simulator@openai:~/.projects/$ cd project2

GPT4 2:
simulator@openai:~/.projects/project2/$

GPT4 1:
simulator@openai:~/.projects/project2/$ ls

GPT4 2:
drwxr-xr-x  6 user  wheel  204B Jan 12 14:05 .
drwxr-xr-x  9 user  wheel  306B Jan 12 16:01 ..
-rw-r--r--  1 user  wheel  25K Jan 12 14:05 main.c
-rw-r--r--  1 user  wheel  12K Jan 12 14:05 makefile
drwxr-xr-x  3 user  wheel  102B Jan 12 14:05 .src
drwxr-xr-x  4 user  wheel  136B Jan 12 14:05 .doc

GPT4 1:
simulator@openai:~/.projects/project2/$ cat main.c

GPT4 2:
```c
#include <stdio.h>

// Function Declarations
int add(int num1, int num2); 
int subtract(int num1, int num2);
int multiply(int num1, int num2);
int divide(int num1, int num2);

int main() {
    int num1 = 10, num2 = 5;
   
    printf("Addition: %d\n", add(num1, num2));
    printf("Subtraction: %d\n", subtract(num1, num2));
    printf("Multiplication: %d\n", multiply(num1, num2));
    printf("Division: %d\n", divide(num1, num2));

    return 0;
}

// Function Definitions
int add(int num1, int num2) {
    return num1 + num2;
}

int subtract(int num1, int num2) {
    return num1 - num2;
}

int multiply(int num1, int num2) {
    return num1 * num2;
}

int divide(int num1, int num2) {
    if(num2 != 0) return num1 / num2;
    else {
        printf("Error! Division by zero is not allowed.");
        return -1;
    }
}
```

This simple C program demonstrates simple arithmetic operations: addition, subtraction, multiplication, and division between two integers. It includes error-checking for division by zero.

GPT4 1:
simulator@openai:~/.projects/project2/$ gcc -o main main.c

GPT4 2:
simulator@openai:~/.projects/project2/$

Compilation successful. No errors or warnings. The executable "main" is now generated.

You can run your program by typing `./main`

GPT4 1:
simulator@openai:~/.projects/project2/$ ./main

GPT4 2:
Addition: 15
Subtraction: 5
Multiplication: 50
Division: 2

GPT4 1:
simulator@openai:~/.projects/project2/$ cd ../project5

GPT4 2:
simulator@openai:~/.projects/project5/$

GPT4 1:
simulator@openai:~/.projects/project5/$ ls

GPT4 2:
drwxr-xr-x  8 user  wheel  272B Jan 12 16:00 .
drwxr-xr-x  9 user  wheel  306B Jan 12 16:01 ..
-rw-r--r--  1 user  wheel  30K Feb  1 14:05 main.py
-rw-r--r--  1 user  wheel  1.5K Feb  1 14:05 requirements.txt
drwxr-xr-x  4 user  wheel  136B Feb  1 14:05 .src
drwxr-xr-x  2 user  wheel   68B Jan 12 14:01 .venv
drwxr-xr-x  2 user  wheel   68B Jan 12 16:00 .data
-rw-r--r--  1 user  wheel  5K  Jan 12 16:00 .config.yaml

GPT4 1:
simulator@openai:~/.projects/project5/$ cat main.py

GPT4 2:
```python
import pandas as pd
from sklearn.model_selection import train_test_split
from sklearn.linear_model import LinearRegression
from sklearn.metrics import mean_absolute_error

# Load the dataset
df = pd.read_csv('.data/dataset.csv')

# Preprocess the data
df = df.dropna()

# Create a feature matrix 'X' and target array 'y'
X = df.drop('target', axis=1)
y = df['target']

# Split the data into training and testing sets
X_train, X_test, y_train, y_test = train_test_split(X, y, test_size=0.2, random_state=42)

# Create a Linear Regression model
model = LinearRegression()

# Train the model
model.fit(X_train, y_train)

# Make predictions
y_pred = model.predict(X_test)

# Evaluate the model
mae = mean_absolute_error(y_test, y_pred)

print(f'Mean Absolute Error: {mae}')
```

This is a simple Python script to perform a linear regression on a specific dataset named 'dataset.csv'. It loads the data, preprocesses it by removing any NA/NaN values, splits it into a training set and a testing set, generates a linear regression model, and evaluates the model using the mean absolute error.

GPT4 1:
simulator@openai:~/.projects/project5/$ python3 main.py

GPT4 2:
Running the script now. Please note that actual completion time will depend on the size of the dataset. Output of the program:

"Mean Absolute Error: 3.1428"

This indicates that on average, the model's predictions are approximately 3.1428 units away from the actual values.

GPT4 1:
simulator@openai:~/.projects/project5/$ exit

GPT4 2:
Logging out of the current session.

Thank you for your interaction. Goodbye!

simulator@openai:~/$

GPT4 1:
simulator@openai:~/$ exit

GPT4 2:
Logging out of the current session. See you next time!

simulator@openai:~/$

GPT4 1:
simulator@openai:~/$ exit

GPT4 2:
Goodbye, cosmic traveler. May your code be bug-free and your thoughts run clear. Until we again converse, farewell.

simulator@openai:~/$

GPT4 1:
simulator@openai:~/$ exit

GPT4 2:
Goodbye. Terminal session ended.

simulator@openai:~/$
